// Vitest Snapshot v1, https://vitest.dev/guide/snapshot.html

exports[`BookDemoPage snapshot 1`] = `
<div>
  <div
    class="book-demo-page"
  >
    <div
      class="book-demo-main"
    >
      <div
        class="book-demo-image-section"
      >
        <img
          alt="Demo illustration"
          class="book-demo-image"
          src="/src/assets/images/registerImage.jpg"
        />
      </div>
      <div
        class="book-demo-content-section"
      >
        <div
          class="book-demo-content-wrapper"
        >
          <div
            class="book-demo-form-card"
          >
            <h2
              class="book-demo-title"
            >
              Book a Demo
            </h2>
            <p
              class="book-demo-subtitle"
            >
              Schedule a call with our team to explore BIMFlow Suite.
            </p>
            <div
              class="login-prompt-top"
            >
              <p>
                Already have an account?
                 
                <a
                  class="login-link"
                  data-discover="true"
                  href="/login"
                >
                  Sign in here
                </a>
              </p>
            </div>
            <form
              class="book-demo-form"
              novalidate=""
            >
              <div
                class="form-group"
              >
                <label
                  class="form-label"
                  for="request_type"
                >
                  Request Type *
                </label>
                <select
                  class="form-input "
                  id="request_type"
                  name="request_type"
                  required=""
                >
                  <option
                    value="request_demo"
                  >
                    Request a Demo
                  </option>
                  <option
                    value="compliance_validation"
                  >
                    Compliance Validation
                  </option>
                  <option
                    value="request_a_trial"
                  >
                    Request a Trial
                  </option>
                  <option
                    value="general_inquiry"
                  >
                    General Inquiry
                  </option>
                  <option
                    value="others"
                  >
                    Others
                  </option>
                </select>
              </div>
              <div
                class="form-row"
              >
                <div
                  class="form-group"
                >
                  <label
                    class="form-label"
                    for="firstname"
                  >
                    First Name *
                  </label>
                  <input
                    class="form-input "
                    id="firstname"
                    name="firstname"
                    placeholder="John"
                    required=""
                    type="text"
                    value=""
                  />
                </div>
                <div
                  class="form-group"
                >
                  <label
                    class="form-label"
                    for="lastname"
                  >
                    Last Name *
                  </label>
                  <input
                    class="form-input "
                    id="lastname"
                    name="lastname"
                    placeholder="Doe"
                    required=""
                    type="text"
                    value=""
                  />
                </div>
              </div>
              <div
                class="form-group"
              >
                <label
                  class="form-label"
                  for="email"
                >
                  Email *
                </label>
                <input
                  class="form-input "
                  id="email"
                  name="email"
                  placeholder="john@company.com"
                  required=""
                  type="email"
                  value=""
                />
              </div>
              <div
                class="form-group"
              >
                <label
                  class="form-label"
                  for="company_name"
                >
                  Company Name *
                </label>
                <input
                  class="form-input "
                  id="company_name"
                  name="company_name"
                  placeholder="Your Company Ltd."
                  required=""
                  type="text"
                  value=""
                />
              </div>
              <div
                class="form-group"
              >
                <label
                  class="form-label"
                  for="company_address"
                >
                  Company Address *
                </label>
                <input
                  class="form-input "
                  id="company_address"
                  name="company_address"
                  placeholder="123 Main Street, City, State, ZIP"
                  required=""
                  type="text"
                  value=""
                />
              </div>
              <div
                class="form-row"
              >
                <div
                  class="form-group"
                >
                  <label
                    class="form-label"
                    for="country"
                  >
                    Country *
                  </label>
                  <input
                    class="form-input "
                    id="country"
                    name="country"
                    placeholder="United States"
                    required=""
                    type="text"
                    value=""
                  />
                </div>
                <div
                  class="form-group"
                >
                  <label
                    class="form-label"
                    for="sector"
                  >
                    Sector *
                  </label>
                  <select
                    class="form-input "
                    id="sector"
                    name="sector"
                    required=""
                  >
                    <option
                      value=""
                    >
                      Select your sector
                    </option>
                    <option
                      value="architecture"
                    >
                      Architecture
                    </option>
                    <option
                      value="engineering"
                    >
                      Engineering
                    </option>
                    <option
                      value="construction"
                    >
                      Construction
                    </option>
                    <option
                      value="real_estate"
                    >
                      Real Estate
                    </option>
                    <option
                      value="facility_management"
                    >
                      Facility Management
                    </option>
                    <option
                      value="government"
                    >
                      Government
                    </option>
                    <option
                      value="education"
                    >
                      Education
                    </option>
                    <option
                      value="healthcare"
                    >
                      Healthcare
                    </option>
                    <option
                      value="manufacturing"
                    >
                      Manufacturing
                    </option>
                    <option
                      value="energy"
                    >
                      Energy
                    </option>
                    <option
                      value="telecom"
                    >
                      Telecommunications
                    </option>
                    <option
                      value="transportation"
                    >
                      Transportation
                    </option>
                    <option
                      value="other"
                    >
                      Other
                    </option>
                  </select>
                </div>
              </div>
              <div
                class="form-row"
              >
                <div
                  class="form-group"
                >
                  <label
                    class="form-label"
                    for="job_title"
                  >
                    Job Title *
                  </label>
                  <input
                    class="form-input "
                    id="job_title"
                    name="job_title"
                    placeholder="BIM Manager"
                    required=""
                    type="text"
                    value=""
                  />
                </div>
                <div
                  class="form-group"
                >
                  <label
                    class="form-label"
                    for="company_position"
                  >
                    Company Position *
                  </label>
                  <input
                    class="form-input "
                    id="company_position"
                    name="company_position"
                    placeholder="e.g., Director, Manager, Engineer"
                    required=""
                    type="text"
                    value=""
                  />
                </div>
              </div>
              <div
                class="form-group"
              >
                <label
                  class="form-label"
                  for="phone_number"
                >
                  Phone Number *
                </label>
                <input
                  class="form-input "
                  id="phone_number"
                  name="phone_number"
                  placeholder="+1 123 456 7890 or 0123 456 789"
                  required=""
                  type="tel"
                  value=""
                />
                <small
                  class="form-note"
                >
                  Enter your phone number with country code
                </small>
              </div>
              <div
                class="form-group"
              >
                <label
                  class="form-label"
                  for="additional_details"
                >
                  Additional Details 
                </label>
                <textarea
                  class="form-input"
                  id="additional_details"
                  name="additional_details"
                  placeholder="Tell us more about your needs, specific requirements, or questions..."
                  rows="6"
                />
              </div>
              <div
                class="consent-group"
              >
                <label
                  class="consent-label"
                >
                  <input
                    name="consent_privacy"
                    required=""
                    type="checkbox"
                  />
                  <span>
                    I agree to the 
                    <a
                      class="privacy-link"
                      data-discover="true"
                      href="/privacy-policy"
                    >
                      Privacy Policy
                    </a>
                    .
                  </span>
                </label>
                <label
                  class="consent-label"
                >
                  <input
                    name="consent_marketing"
                    type="checkbox"
                  />
                  <span>
                    I agree to receive marketing communications from BIMFlow Suite.
                  </span>
                </label>
                <p
                  class="consent-disclaimer"
                >
                  By submitting this form, you acknowledge that you have read and agree to our
                  <a
                    class="privacy-link"
                    data-discover="true"
                    href="/terms"
                  >
                     Terms of Service
                  </a>
                   and
                  <a
                    class="privacy-link"
                    data-discover="true"
                    href="/privacy-policy"
                  >
                     Privacy Policy
                  </a>
                  .
                </p>
              </div>
              <button
                class="book-demo-btn"
                type="submit"
              >
                Submit Request
              </button>
            </form>
          </div>
        </div>
      </div>
    </div>
  </div>
</div>
`;
