// Vitest Snapshot v1, https://vitest.dev/guide/snapshot.html

exports[`ProjectsPage snapshot 1`] = `
<div>
  <div
    class="app-container"
  >
    <main
      class="main-content"
      role="main"
    >
      <div
        class="projects-page"
      >
        <section
          class="projects-hero"
          style="background-image: linear-gradient(rgba(78, 68, 60, 0.6), rgba(42, 36, 32, 0.6)), url("/src/assets/images/projects-hero.jpg"); background-size: cover; background-position: center center; background-attachment: fixed;"
        >
          <div
            class="projects-hero__overlay"
          />
          <div
            class="projects-hero__content"
          >
            <div
              class="hero-badge"
            >
              <span
                class="badge-icon"
              >
                🏗️
              </span>
              <span>
                Real-World BIM Projects
              </span>
            </div>
            <h1
              class="projects-hero__title"
            >
              Showcase of Excellence
            </h1>
            <p
              class="projects-hero__subtitle"
            >
              Explore our portfolio of BIM-automated projects across buildings, bridges, roads, and high-rise structures. Each project demonstrates the power of advanced automation and open standards.
            </p>
            <div
              class="hero-stats"
            >
              <div
                class="stat-item"
              >
                <span
                  class="stat-value"
                >
                  50+
                </span>
                <span
                  class="stat-label"
                >
                  Projects Completed
                </span>
              </div>
              <div
                class="stat-item"
              >
                <span
                  class="stat-value"
                >
                  4
                </span>
                <span
                  class="stat-label"
                >
                  Asset Types
                </span>
              </div>
              <div
                class="stat-item"
              >
                <span
                  class="stat-value"
                >
                  100%
                </span>
                <span
                  class="stat-label"
                >
                  IFC Compliant
                </span>
              </div>
            </div>
          </div>
        </section>
        <section
          class="category-filter-section"
        >
          <div
            class="section-container"
          >
            <div
              class="category-filters"
            >
              <button
                class="category-btn category-btn--active"
              >
                <span
                  class="category-icon"
                >
                  🏗️
                </span>
                <span>
                  All Projects
                </span>
              </button>
              <button
                class="category-btn "
              >
                <span
                  class="category-icon"
                >
                  🏢
                </span>
                <span>
                  Buildings
                </span>
              </button>
              <button
                class="category-btn "
              >
                <span
                  class="category-icon"
                >
                  🌉
                </span>
                <span>
                  Bridges
                </span>
              </button>
              <button
                class="category-btn "
              >
                <span
                  class="category-icon"
                >
                  🛣️
                </span>
                <span>
                  Roads
                </span>
              </button>
              <button
                class="category-btn "
              >
                <span
                  class="category-icon"
                >
                  🏙️
                </span>
                <span>
                  High-Rise
                </span>
              </button>
            </div>
          </div>
        </section>
        <section
          class="projects-grid-section"
        >
          <div
            class="section-container"
          >
            <div
              class="projects-grid"
            >
              <div
                class="project-card"
              >
                <div
                  class="project-card__image-wrapper"
                >
                  <img
                    alt="Modern Residential Complex"
                    class="project-card__image"
                    src="/src/assets/images/ResidentialBuilding.jpg"
                  />
                  <div
                    class="project-card__overlay"
                  >
                    <button
                      class="view-details-btn"
                    >
                      View Details
                    </button>
                  </div>
                </div>
                <div
                  class="project-card__content"
                >
                  <div
                    class="project-card__header"
                  >
                    <h3
                      class="project-card__title"
                    >
                      Modern Residential Complex
                    </h3>
                    <div
                      class="project-card__meta"
                    >
                      <span
                        class="meta-location"
                      >
                        📍 
                        London, UK
                      </span>
                      <span
                        class="meta-year"
                      >
                        📅 
                        2025
                      </span>
                    </div>
                  </div>
                  <p
                    class="project-card__description"
                  >
                    3-story apartment building with 12 units, solar panels, and underground parking
                  </p>
                  <div
                    class="project-card__stats"
                  >
                    <div
                      class="stat-badge"
                    >
                      <span
                        class="stat-key"
                      >
                        floors
                      </span>
                      <span
                        class="stat-value"
                      >
                        3
                      </span>
                    </div>
                    <div
                      class="stat-badge"
                    >
                      <span
                        class="stat-key"
                      >
                        units
                      </span>
                      <span
                        class="stat-value"
                      >
                        12
                      </span>
                    </div>
                    <div
                      class="stat-badge"
                    >
                      <span
                        class="stat-key"
                      >
                        area
                      </span>
                      <span
                        class="stat-value"
                      >
                        2,400 m²
                      </span>
                    </div>
                  </div>
                  <div
                    class="project-card__tags"
                  >
                    <span
                      class="project-tag"
                    >
                      Residential
                    </span>
                    <span
                      class="project-tag"
                    >
                      Sustainable
                    </span>
                    <span
                      class="project-tag"
                    >
                      IFC 4.3
                    </span>
                  </div>
                </div>
              </div>
              <div
                class="project-card"
              >
                <div
                  class="project-card__image-wrapper"
                >
                  <img
                    alt="Commercial Office Tower"
                    class="project-card__image"
                    src="/src/assets/images/ModernOffice.jpg"
                  />
                  <div
                    class="project-card__overlay"
                  >
                    <button
                      class="view-details-btn"
                    >
                      View Details
                    </button>
                  </div>
                </div>
                <div
                  class="project-card__content"
                >
                  <div
                    class="project-card__header"
                  >
                    <h3
                      class="project-card__title"
                    >
                      Commercial Office Tower
                    </h3>
                    <div
                      class="project-card__meta"
                    >
                      <span
                        class="meta-location"
                      >
                        📍 
                        Manchester, UK
                      </span>
                      <span
                        class="meta-year"
                      >
                        📅 
                        2025
                      </span>
                    </div>
                  </div>
                  <p
                    class="project-card__description"
                  >
                    5-story modern office with open floor plans and green spaces
                  </p>
                  <div
                    class="project-card__stats"
                  >
                    <div
                      class="stat-badge"
                    >
                      <span
                        class="stat-key"
                      >
                        floors
                      </span>
                      <span
                        class="stat-value"
                      >
                        5
                      </span>
                    </div>
                    <div
                      class="stat-badge"
                    >
                      <span
                        class="stat-key"
                      >
                        capacity
                      </span>
                      <span
                        class="stat-value"
                      >
                        500
                      </span>
                    </div>
                    <div
                      class="stat-badge"
                    >
                      <span
                        class="stat-key"
                      >
                        area
                      </span>
                      <span
                        class="stat-value"
                      >
                        8,000 m²
                      </span>
                    </div>
                  </div>
                  <div
                    class="project-card__tags"
                  >
                    <span
                      class="project-tag"
                    >
                      Commercial
                    </span>
                    <span
                      class="project-tag"
                    >
                      LEED Certified
                    </span>
                    <span
                      class="project-tag"
                    >
                      Smart Building
                    </span>
                  </div>
                </div>
              </div>
              <div
                class="project-card"
              >
                <div
                  class="project-card__image-wrapper"
                >
                  <img
                    alt="Highway Bridge Infrastructure"
                    class="project-card__image"
                    src="/src/assets/images/Bridge.jpg"
                  />
                  <div
                    class="project-card__overlay"
                  >
                    <button
                      class="view-details-btn"
                    >
                      View Details
                    </button>
                  </div>
                </div>
                <div
                  class="project-card__content"
                >
                  <div
                    class="project-card__header"
                  >
                    <h3
                      class="project-card__title"
                    >
                      Highway Bridge Infrastructure
                    </h3>
                    <div
                      class="project-card__meta"
                    >
                      <span
                        class="meta-location"
                      >
                        📍 
                        Birmingham, UK
                      </span>
                      <span
                        class="meta-year"
                      >
                        📅 
                        2024
                      </span>
                    </div>
                  </div>
                  <p
                    class="project-card__description"
                  >
                    150-meter concrete bridge with 4 traffic lanes and pedestrian walkways
                  </p>
                  <div
                    class="project-card__stats"
                  >
                    <div
                      class="stat-badge"
                    >
                      <span
                        class="stat-key"
                      >
                        span
                      </span>
                      <span
                        class="stat-value"
                      >
                        150m
                      </span>
                    </div>
                    <div
                      class="stat-badge"
                    >
                      <span
                        class="stat-key"
                      >
                        lanes
                      </span>
                      <span
                        class="stat-value"
                      >
                        4
                      </span>
                    </div>
                    <div
                      class="stat-badge"
                    >
                      <span
                        class="stat-key"
                      >
                        load
                      </span>
                      <span
                        class="stat-value"
                      >
                        HL-93
                      </span>
                    </div>
                  </div>
                  <div
                    class="project-card__tags"
                  >
                    <span
                      class="project-tag"
                    >
                      Infrastructure
                    </span>
                    <span
                      class="project-tag"
                    >
                      Concrete
                    </span>
                    <span
                      class="project-tag"
                    >
                      Heavy Load
                    </span>
                  </div>
                </div>
              </div>
              <div
                class="project-card"
              >
                <div
                  class="project-card__image-wrapper"
                >
                  <img
                    alt="Urban Corridor Development"
                    class="project-card__image"
                    src="/src/assets/images/UrbanTransportation.jpg"
                  />
                  <div
                    class="project-card__overlay"
                  >
                    <button
                      class="view-details-btn"
                    >
                      View Details
                    </button>
                  </div>
                </div>
                <div
                  class="project-card__content"
                >
                  <div
                    class="project-card__header"
                  >
                    <h3
                      class="project-card__title"
                    >
                      Urban Corridor Development
                    </h3>
                    <div
                      class="project-card__meta"
                    >
                      <span
                        class="meta-location"
                      >
                        📍 
                        Leeds, UK
                      </span>
                      <span
                        class="meta-year"
                      >
                        📅 
                        2025
                      </span>
                    </div>
                  </div>
                  <p
                    class="project-card__description"
                  >
                    Multi-lane urban road with bike lanes and smart traffic systems
                  </p>
                  <div
                    class="project-card__stats"
                  >
                    <div
                      class="stat-badge"
                    >
                      <span
                        class="stat-key"
                      >
                        length
                      </span>
                      <span
                        class="stat-value"
                      >
                        3.5km
                      </span>
                    </div>
                    <div
                      class="stat-badge"
                    >
                      <span
                        class="stat-key"
                      >
                        lanes
                      </span>
                      <span
                        class="stat-value"
                      >
                        6
                      </span>
                    </div>
                    <div
                      class="stat-badge"
                    >
                      <span
                        class="stat-key"
                      >
                        width
                      </span>
                      <span
                        class="stat-value"
                      >
                        24m
                      </span>
                    </div>
                  </div>
                  <div
                    class="project-card__tags"
                  >
                    <span
                      class="project-tag"
                    >
                      Transportation
                    </span>
                    <span
                      class="project-tag"
                    >
                      Smart City
                    </span>
                    <span
                      class="project-tag"
                    >
                      Sustainable
                    </span>
                  </div>
                </div>
              </div>
              <div
                class="project-card"
              >
                <div
                  class="project-card__image-wrapper"
                >
                  <img
                    alt="Luxury High-Rise Tower"
                    class="project-card__image"
                    src="/src/assets/images/HighRise.jpg"
                  />
                  <div
                    class="project-card__overlay"
                  >
                    <button
                      class="view-details-btn"
                    >
                      View Details
                    </button>
                  </div>
                </div>
                <div
                  class="project-card__content"
                >
                  <div
                    class="project-card__header"
                  >
                    <h3
                      class="project-card__title"
                    >
                      Luxury High-Rise Tower
                    </h3>
                    <div
                      class="project-card__meta"
                    >
                      <span
                        class="meta-location"
                      >
                        📍 
                        Edinburgh, UK
                      </span>
                      <span
                        class="meta-year"
                      >
                        📅 
                        2025
                      </span>
                    </div>
                  </div>
                  <p
                    class="project-card__description"
                  >
                    25-story residential tower with panoramic views and premium amenities
                  </p>
                  <div
                    class="project-card__stats"
                  >
                    <div
                      class="stat-badge"
                    >
                      <span
                        class="stat-key"
                      >
                        floors
                      </span>
                      <span
                        class="stat-value"
                      >
                        25
                      </span>
                    </div>
                    <div
                      class="stat-badge"
                    >
                      <span
                        class="stat-key"
                      >
                        units
                      </span>
                      <span
                        class="stat-value"
                      >
                        120
                      </span>
                    </div>
                    <div
                      class="stat-badge"
                    >
                      <span
                        class="stat-key"
                      >
                        height
                      </span>
                      <span
                        class="stat-value"
                      >
                        85m
                      </span>
                    </div>
                  </div>
                  <div
                    class="project-card__tags"
                  >
                    <span
                      class="project-tag"
                    >
                      High-Rise
                    </span>
                    <span
                      class="project-tag"
                    >
                      Luxury
                    </span>
                    <span
                      class="project-tag"
                    >
                      Mixed-Use
                    </span>
                  </div>
                </div>
              </div>
              <div
                class="project-card"
              >
                <div
                  class="project-card__image-wrapper"
                >
                  <img
                    alt="Healthcare Facility"
                    class="project-card__image"
                    src="/src/assets/images/Hospital.jpg"
                  />
                  <div
                    class="project-card__overlay"
                  >
                    <button
                      class="view-details-btn"
                    >
                      View Details
                    </button>
                  </div>
                </div>
                <div
                  class="project-card__content"
                >
                  <div
                    class="project-card__header"
                  >
                    <h3
                      class="project-card__title"
                    >
                      Healthcare Facility
                    </h3>
                    <div
                      class="project-card__meta"
                    >
                      <span
                        class="meta-location"
                      >
                        📍 
                        Bristol, UK
                      </span>
                      <span
                        class="meta-year"
                      >
                        📅 
                        2024
                      </span>
                    </div>
                  </div>
                  <p
                    class="project-card__description"
                  >
                    Modern hospital with emergency department and operating theaters
                  </p>
                  <div
                    class="project-card__stats"
                  >
                    <div
                      class="stat-badge"
                    >
                      <span
                        class="stat-key"
                      >
                        floors
                      </span>
                      <span
                        class="stat-value"
                      >
                        4
                      </span>
                    </div>
                    <div
                      class="stat-badge"
                    >
                      <span
                        class="stat-key"
                      >
                        beds
                      </span>
                      <span
                        class="stat-value"
                      >
                        200
                      </span>
                    </div>
                    <div
                      class="stat-badge"
                    >
                      <span
                        class="stat-key"
                      >
                        area
                      </span>
                      <span
                        class="stat-value"
                      >
                        12,000 m²
                      </span>
                    </div>
                  </div>
                  <div
                    class="project-card__tags"
                  >
                    <span
                      class="project-tag"
                    >
                      Healthcare
                    </span>
                    <span
                      class="project-tag"
                    >
                      Critical Infrastructure
                    </span>
                    <span
                      class="project-tag"
                    >
                      Accessible
                    </span>
                  </div>
                </div>
              </div>
            </div>
          </div>
        </section>
        <section
          class="projects-cta"
        >
          <div
            class="cta-container"
          >
            <h2>
              Start Your Own Project
            </h2>
            <p>
              Ready to bring your vision to life with BIMFlow Suite? Generate your first BIM model in minutes.
            </p>
            <div
              class="cta-buttons"
            >
              <button
                class="cta-btn cta-btn--primary"
              >
                Try Demo
              </button>
              <button
                class="cta-btn cta-btn--secondary"
              >
                Generate Model
              </button>
            </div>
          </div>
        </section>
      </div>
    </main>
  </div>
</div>
`;
