// Vitest Snapshot v1, https://vitest.dev/guide/snapshot.html

exports[`ResetPasswordPage snapshot 1`] = `
<div>
  <div
    class="reset-password-page"
  >
               
    <div
      class="reset-password-main"
    >
               
      <div
        class="reset-password-image-section"
      >
        <img
          alt="Reset password"
          class="reset-password-image"
          src="/src/assets/images/ResetPasswordImage.jpg"
        />
      </div>
      <div
        class="reset-password-content-section"
      >
        <div
          class="reset-password-content-wrapper"
        >
          <div
            class="reset-password-form-card"
          >
            <h2
              class="reset-password-title"
            >
              Invalid Reset Link
            </h2>
            <p
              class="reset-password-subtitle error-text"
            >
              Missing required token in the reset link.
            </p>
            <div
              class="error-actions"
            >
              <p
                class="error-instruction"
              >
                Please request a new password reset link.
              </p>
              <div
                class="action-buttons"
              >
                <button
                  class="request-new-btn primary-btn"
                >
                  Request New Link
                </button>
                <button
                  class="back-to-login-btn secondary-btn"
                >
                  ← Back to Login
                </button>
              </div>
            </div>
          </div>
        </div>
      </div>
    </div>
  </div>
</div>
`;
