// Vitest Snapshot v1, https://vitest.dev/guide/snapshot.html

exports[`SetPasswordPage snapshot 1`] = `
<div>
  <div
    class="set-password-page"
  >
    <div
      class="set-password-main"
    >
      <div
        class="set-password-image-section"
      >
        <img
          alt="Set password"
          class="set-password-image"
          src="/src/assets/images/setPasswordImage.jpg"
        />
      </div>
      <div
        class="set-password-content-section"
      >
        <div
          class="set-password-content-wrapper"
        >
          <div
            class="set-password-form-card"
          >
            <h2
              class="set-password-title"
            >
              Invalid Activation Link
            </h2>
            <p
              class="set-password-subtitle error-text"
            >
              Missing required parameters in the activation link.
            </p>
            <div
              class="error-actions"
            >
              <p
                class="error-instruction"
              >
                Please contact support for assistance.
              </p>
              <div
                class="action-buttons"
              >
                <button
                  class="request-new-btn primary-btn"
                >
                  Contact Support
                </button>
                <button
                  class="back-to-login-btn secondary-btn"
                >
                  ← Back to Login
                </button>
              </div>
            </div>
          </div>
        </div>
      </div>
    </div>
  </div>
</div>
`;
