// Vitest Snapshot v1, https://vitest.dev/guide/snapshot.html

exports[`ForgotPasswordPage snapshot 1`] = `
<div>
  <div
    class="forgot-password-page"
  >
    <div
      class="forgot-password-main"
    >
      <div
        class="forgot-password-image-section"
      >
        <img
          alt="Password recovery illustration"
          class="forgot-password-image"
          src="/src/assets/images/forgotPasswordImage.jpg"
        />
      </div>
      <div
        class="forgot-password-content-section"
      >
        <div
          class="forgot-password-content-wrapper"
        >
          <div
            class="forgot-password-form-card"
          >
            <h2
              class="forgot-password-title"
            >
              Forgot Password
            </h2>
            <p
              class="forgot-password-subtitle"
            >
              Enter your email to reset your password.
            </p>
            <form
              class="forgot-password-form"
            >
              <div
                class="form-group"
              >
                <label
                  class="form-label"
                  for="email"
                >
                  Email Address *
                </label>
                <input
                  class="form-input "
                  id="email"
                  placeholder="Enter your email"
                  required=""
                  type="email"
                  value=""
                />
              </div>
              <button
                class="forgot-password-btn"
                type="submit"
              >
                Send Reset Link
              </button>
            </form>
            <div
              class="back-link"
            >
              <a
                class="back-to-login"
                data-discover="true"
                href="/login"
              >
                Back to Login
              </a>
            </div>
          </div>
        </div>
      </div>
    </div>
  </div>
</div>
`;
