// Vitest Snapshot v1, https://vitest.dev/guide/snapshot.html

exports[`DashboardLayout > matches snapshot 1`] = `
<div>
  <div
    class="dashboard-layout"
  >
    <nav
      class="dashboard-sidebar "
    >
      <div
        class="sidebar-header"
      >
        <a
          class="sidebar-brand"
          data-discover="true"
          href="/"
        >
          <h2
            class="sidebar-title"
          >
            BIMFlow Suite
          </h2>
        </a>
        <button
          aria-label="Close sidebar"
          class="sidebar-close"
        >
          ×
        </button>
      </div>
      <ul
        class="sidebar-nav"
      >
        <li>
          <a
            class="sidebar-link "
            data-discover="true"
            href="/dashboard"
          >
            <span
              class="sidebar-icon"
            >
              <svg
                fill="none"
                height="20"
                stroke="currentColor"
                stroke-width="2"
                viewBox="0 0 24 24"
                width="20"
              >
                <path
                  d="M3 9L12 2L21 9V20C21 21.1 20.1 22 19 22H5C3.9 22 3 21.1 3 20V9Z"
                />
                <path
                  d="M9 22V12H15V22"
                />
              </svg>
            </span>
            <span
              class="sidebar-label"
            >
              Overview
            </span>
          </a>
        </li>
        <li>
          <a
            class="sidebar-link "
            data-discover="true"
            href="/dashboard/projects"
          >
            <span
              class="sidebar-icon"
            >
              <svg
                fill="none"
                height="20"
                stroke="currentColor"
                stroke-width="2"
                viewBox="0 0 24 24"
                width="20"
              >
                <rect
                  height="18"
                  rx="2"
                  width="18"
                  x="3"
                  y="3"
                />
                <path
                  d="M3 9H21"
                />
                <path
                  d="M9 21V9"
                />
              </svg>
            </span>
            <span
              class="sidebar-label"
            >
              Projects
            </span>
          </a>
        </li>
        <li>
          <a
            class="sidebar-link "
            data-discover="true"
            href="/dashboard/upload-ifc"
          >
            <span
              class="sidebar-icon"
            >
              <svg
                fill="none"
                height="20"
                stroke="currentColor"
                stroke-width="2"
                viewBox="0 0 24 24"
                width="20"
              >
                <path
                  d="M21 15V19C21 20.1 20.1 21 19 21H5C3.9 21 3 20.1 3 19V15"
                />
                <path
                  d="M17 8L12 3L7 8"
                />
                <path
                  d="M12 3V15"
                />
              </svg>
            </span>
            <span
              class="sidebar-label"
            >
              Upload & Validate
            </span>
          </a>
        </li>
        <li>
          <a
            class="sidebar-link "
            data-discover="true"
            href="/dashboard/generate"
          >
            <span
              class="sidebar-icon"
            >
              <svg
                fill="none"
                height="20"
                stroke="currentColor"
                stroke-width="2"
                viewBox="0 0 24 24"
                width="20"
              >
                <path
                  d="M12 2L2 7L12 12L22 7L12 2Z"
                />
                <path
                  d="M2 17L12 22L22 17"
                />
                <path
                  d="M2 12L12 17L22 12"
                />
              </svg>
            </span>
            <span
              class="sidebar-label"
            >
              Generate Model
            </span>
          </a>
        </li>
        <li>
          <a
            class="sidebar-link "
            data-discover="true"
            href="/dashboard/compliance"
          >
            <span
              class="sidebar-icon"
            >
              <svg
                fill="none"
                height="20"
                stroke="currentColor"
                stroke-width="2"
                viewBox="0 0 24 24"
                width="20"
              >
                <circle
                  cx="12"
                  cy="12"
                  r="10"
                />
                <path
                  d="M9 12L11 14L15 10"
                />
              </svg>
            </span>
            <span
              class="sidebar-label"
            >
              Compliance Checks
            </span>
          </a>
        </li>
        <li>
          <a
            class="sidebar-link "
            data-discover="true"
            href="/dashboard/clash-detection"
          >
            <span
              class="sidebar-icon"
            >
              <svg
                fill="none"
                height="20"
                stroke="currentColor"
                stroke-width="2"
                viewBox="0 0 24 24"
                width="20"
              >
                <circle
                  cx="12"
                  cy="12"
                  r="10"
                />
                <path
                  d="M12 8V16"
                />
                <path
                  d="M8 12H16"
                />
              </svg>
            </span>
            <span
              class="sidebar-label"
            >
              Clash Detection
            </span>
          </a>
        </li>
        <li>
          <a
            class="sidebar-link "
            data-discover="true"
            href="/dashboard/cost-estimation"
          >
            <span
              class="sidebar-icon"
            >
              <svg
                fill="none"
                height="20"
                stroke="currentColor"
                stroke-width="2"
                viewBox="0 0 24 24"
                width="20"
              >
                <path
                  d="M12 1V23"
                />
                <path
                  d="M17 5H9.5C8.57174 5 7.6815 5.36875 7.02513 6.02513C6.36875 6.6815 6 7.57174 6 8.5C6 9.42826 6.36875 10.3185 7.02513 10.9749C7.6815 11.6313 8.57174 12 9.5 12H14.5C15.4283 12 16.3185 12.3687 16.9749 13.0251C17.6313 13.6815 18 14.5717 18 15.5C18 16.4283 17.6313 17.3185 16.9749 17.9749C16.3185 18.6313 15.4283 19 14.5 19H6"
                />
              </svg>
            </span>
            <span
              class="sidebar-label"
            >
              Cost Estimation
            </span>
          </a>
        </li>
        <li>
          <a
            class="sidebar-link "
            data-discover="true"
            href="/dashboard/scheduling"
          >
            <span
              class="sidebar-icon"
            >
              <svg
                fill="none"
                height="20"
                stroke="currentColor"
                stroke-width="2"
                viewBox="0 0 24 24"
                width="20"
              >
                <rect
                  height="18"
                  rx="2"
                  ry="2"
                  width="18"
                  x="3"
                  y="4"
                />
                <line
                  x1="16"
                  x2="16"
                  y1="2"
                  y2="6"
                />
                <line
                  x1="8"
                  x2="8"
                  y1="2"
                  y2="6"
                />
                <line
                  x1="3"
                  x2="21"
                  y1="10"
                  y2="10"
                />
              </svg>
            </span>
            <span
              class="sidebar-label"
            >
              Project Scheduling
            </span>
          </a>
        </li>
        <li>
          <a
            class="sidebar-link "
            data-discover="true"
            href="/dashboard/reports"
          >
            <span
              class="sidebar-icon"
            >
              <svg
                fill="none"
                height="20"
                stroke="currentColor"
                stroke-width="2"
                viewBox="0 0 24 24"
                width="20"
              >
                <path
                  d="M14 2H6C4.9 2 4 2.9 4 4V20C4 21.1 4.9 22 6 22H18C19.1 22 20 21.1 20 20V8L14 2Z"
                />
                <path
                  d="M14 2V8H20"
                />
                <path
                  d="M16 13H8"
                />
                <path
                  d="M16 17H8"
                />
                <path
                  d="M10 9H8"
                />
              </svg>
            </span>
            <span
              class="sidebar-label"
            >
              Reports Center
            </span>
          </a>
        </li>
        <li>
          <a
            class="sidebar-link "
            data-discover="true"
            href="/dashboard/scenarios"
          >
            <span
              class="sidebar-icon"
            >
              <svg
                fill="none"
                height="20"
                stroke="currentColor"
                stroke-width="2"
                viewBox="0 0 24 24"
                width="20"
              >
                <path
                  d="M3 3H21V21H3V3Z"
                />
                <path
                  d="M3 9H21"
                />
                <path
                  d="M9 21V9"
                />
                <path
                  d="M15 21V15"
                />
              </svg>
            </span>
            <span
              class="sidebar-label"
            >
              Scenario Manager
            </span>
          </a>
        </li>
        <li>
          <a
            class="sidebar-link "
            data-discover="true"
            href="/dashboard/templates"
          >
            <span
              class="sidebar-icon"
            >
              <svg
                fill="none"
                height="20"
                stroke="currentColor"
                stroke-width="2"
                viewBox="0 0 24 24"
                width="20"
              >
                <path
                  d="M14 2H6C5.46957 2 4.96086 2.21071 4.58579 2.58579C4.21071 2.96086 4 3.46957 4 4V20C4 20.5304 4.21071 21.0391 4.58579 21.4142C4.96086 21.7893 5.46957 22 6 22H18C18.5304 22 19.0391 21.7893 19.4142 21.4142C19.7893 21.0391 20 20.5304 20 20V8L14 2Z"
                />
                <path
                  d="M14 2V8H20"
                />
              </svg>
            </span>
            <span
              class="sidebar-label"
            >
              Templates
            </span>
          </a>
        </li>
      </ul>
    </nav>
    <div
      class="dashboard-main"
    >
      <header
        class="dashboard-header"
      >
        <div
          class="dashboard-header__container"
        >
          <div
            class="header-left"
          >
            <button
              aria-label="Toggle sidebar"
              class="menu-toggle"
            >
              <svg
                fill="none"
                height="24"
                stroke="currentColor"
                stroke-width="2"
                viewBox="0 0 24 24"
                width="24"
              >
                <line
                  x1="3"
                  x2="21"
                  y1="12"
                  y2="12"
                />
                <line
                  x1="3"
                  x2="21"
                  y1="6"
                  y2="6"
                />
                <line
                  x1="3"
                  x2="21"
                  y1="18"
                  y2="18"
                />
              </svg>
            </button>
          </div>
          <div
            class="dashboard-actions"
          >
            <button
              class="action-btn"
              title="Notifications"
            >
              <svg
                fill="none"
                height="20"
                stroke="currentColor"
                stroke-width="2"
                viewBox="0 0 24 24"
                width="20"
              >
                <path
                  d="M18 8A6 6 0 0 0 6 8c0 7-3 9-3 9h18s-3-2-3-9"
                />
                <path
                  d="M13.73 21a2 2 0 0 1-3.46 0"
                />
              </svg>
              <span
                class="notification-badge"
              />
            </button>
            <button
              aria-label="Toggle dark mode"
              class="action-btn theme-toggle-btn"
              title="Toggle theme"
            >
              <svg
                fill="none"
                height="20"
                stroke="currentColor"
                stroke-width="2"
                viewBox="0 0 24 24"
                width="20"
              >
                <path
                  d="M21 12.79A9 9 0 1 1 11.21 3 7 7 0 0 0 21 12.79Z"
                />
              </svg>
            </button>
            <div
              class="user-profile-wrapper"
            >
              <button
                aria-expanded="false"
                aria-label="User menu"
                class="user-profile "
              >
                <img
                  alt="test"
                  class="avatar"
                  src="https://ui-avatars.com/api/?name=T&background=3b82f6&color=ffffff&bold=true&length=2&size=40"
                />
                <svg
                  class="chevron-icon "
                  fill="none"
                  height="16"
                  stroke="currentColor"
                  stroke-linecap="round"
                  stroke-linejoin="round"
                  stroke-width="2.5"
                  style="transition: transform 0.25s ease;"
                  viewBox="0 0 24 24"
                  width="16"
                >
                  <polyline
                    points="6 9 12 15 18 9"
                  />
                </svg>
              </button>
              <div
                class="user-dropdown "
              >
                <div
                  class="dropdown-header"
                >
                  <div
                    class="dropdown-user-name"
                  >
                    test
                  </div>
                  <div
                    class="dropdown-user-email"
                  >
                    test@example.com
                  </div>
                </div>
                <div
                  class="dropdown-menu"
                >
                  <a
                    class="dropdown-item"
                    data-discover="true"
                    href="/dashboard/profile"
                  >
                    <svg
                      fill="none"
                      height="16"
                      stroke="currentColor"
                      stroke-width="2"
                      viewBox="0 0 24 24"
                      width="16"
                    >
                      <path
                        d="M20 21v-2a4 4 0 0 0-4-4H8a4 4 0 0 0-4 4v2"
                      />
                      <circle
                        cx="12"
                        cy="7"
                        r="4"
                      />
                    </svg>
                    <span>
                      Profile
                    </span>
                  </a>
                  <a
                    class="dropdown-item"
                    data-discover="true"
                    href="/dashboard/settings"
                  >
                    <svg
                      fill="none"
                      height="20"
                      stroke="currentColor"
                      stroke-width="2"
                      viewBox="0 0 24 24"
                      width="20"
                    >
                      <circle
                        cx="12"
                        cy="12"
                        r="3"
                      />
                      <path
                        d="M19.4 15a1.65 1.65 0 0 0 .33 1.82l.06.06a2 2 0 0 1 0 2.83 2 2 0 0 1-2.83 0l-.06-.06a1.65 1.65 0 0 0-1.82-.33 1.65 1.65 0 0 0-1 1.51V21a2 2 0 0 1-2 2 2 2 0 0 1-2-2v-.09A1.65 1.65 0 0 0 9 19.4a1.65 1.65 0 0 0-1.82.33l-.06.06a2 2 0 0 1-2.83 0 2 2 0 0 1 0-2.83l.06-.06a1.65 1.65 0 0 0 .33-1.82 1.65 1.65 0 0 0-1.51-1H3a2 2 0 0 1-2-2 2 2 0 0 1 2-2h.09A1.65 1.65 0 0 0 4.6 9a1.65 1.65 0 0 0-.33-1.82l-.06-.06a2 2 0 0 1 0-2.83 2 2 0 0 1 2.83 0l.06.06a1.65 1.65 0 0 0 1.82.33H9a1.65 1.65 0 0 0 1-1.51V3a2 2 0 0 1 2-2 2 2 0 0 1 2 2v.09a1.65 1.65 0 0 0 1 1.51 1.65 1.65 0 0 0 1.82-.33l.06-.06a2 2 0 0 1 2.83 0 2 2 0 0 1 0 2.83l-.06.06a1.65 1.65 0 0 0-.33 1.82V9a1.65 1.65 0 0 0 1.51 1H21a2 2 0 0 1 2 2 2 2 0 0 1-2 2h-.09a1.65 1.65 0 0 0-1.51 1z"
                      />
                    </svg>
                    <span>
                      Settings
                    </span>
                  </a>
                  <div
                    class="dropdown-divider"
                  />
                  <button
                    class="dropdown-item logout"
                  >
                    <svg
                      fill="none"
                      height="16"
                      stroke="currentColor"
                      stroke-width="2"
                      viewBox="0 0 24 24"
                      width="16"
                    >
                      <path
                        d="M9 21H5a2 2 0 0 1-2-2V5a2 2 0 0 1 2-2h4"
                      />
                      <polyline
                        points="16 17 21 12 16 7"
                      />
                      <line
                        x1="21"
                        x2="9"
                        y1="12"
                        y2="12"
                      />
                    </svg>
                    <span>
                      Sign Out
                    </span>
                  </button>
                </div>
              </div>
            </div>
          </div>
        </div>
      </header>
      <main
        class="dashboard-content"
      />
    </div>
  </div>
</div>
`;
