// Vitest Snapshot v1, https://vitest.dev/guide/snapshot.html

exports[`PasswordSuccessModal > matches snapshot 1`] = `
<div>
  <div
    class="password-success-modal-overlay"
  >
    <div
      class="password-success-modal"
    >
      <button
        aria-label="Close modal"
        class="password-success-modal-close-btn"
      >
        <svg
          fill="none"
          height="24"
          viewBox="0 0 24 24"
          width="24"
          xmlns="http://www.w3.org/2000/svg"
        >
          <path
            d="M18 6L6 18M6 6L18 18"
            stroke="currentColor"
            stroke-linecap="round"
            stroke-linejoin="round"
            stroke-width="2"
          />
        </svg>
      </button>
      <div
        class="password-success-modal-header"
      >
        <div
          class="password-success-icon"
        >
          <svg
            fill="none"
            height="64"
            viewBox="0 0 64 64"
            width="64"
            xmlns="http://www.w3.org/2000/svg"
          >
            <circle
              cx="32"
              cy="32"
              fill="none"
              r="30"
              stroke="#F8780F"
              stroke-linecap="round"
              stroke-linejoin="round"
              stroke-width="3"
            />
            <path
              d="M44 28L29.5 42L22 34.7273"
              stroke="#F8780F"
              stroke-linecap="round"
              stroke-linejoin="round"
              stroke-width="3"
            />
          </svg>
        </div>
        <h2
          class="password-success-modal-title"
        >
          Password Set Successfully!
        </h2>
      </div>
      <div
        class="password-success-modal-body"
      >
        <div
          class="success-message-container"
        >
          <p
            class="success-message-main"
          >
            Your password has been set successfully!
          </p>
          <p
            class="success-message-detail"
          >
            Your account has been activated and you can now log in to BIMFlow Suite.
          </p>
        </div>
        <div
          class="security-notice"
        >
          <div
            class="security-icon"
          >
            <svg
              fill="none"
              height="20"
              viewBox="0 0 24 24"
              width="20"
              xmlns="http://www.w3.org/2000/svg"
            >
              <path
                d="M12 22C12 22 20 18 20 12V5L12 2L4 5V12C4 18 12 22 12 22Z"
                stroke="#F8780F"
                stroke-linecap="round"
                stroke-linejoin="round"
                stroke-width="2"
              />
              <path
                d="M9 12L11 14L15 10"
                stroke="#F8780F"
                stroke-linecap="round"
                stroke-linejoin="round"
                stroke-width="2"
              />
            </svg>
          </div>
          <p
            class="security-text"
          >
            Your password is securely encrypted. For your security, please don't share it with anyone.
          </p>
        </div>
        <div
          class="countdown-notice"
        >
          <div
            class="countdown-icon"
          >
            <svg
              fill="none"
              height="18"
              viewBox="0 0 24 24"
              width="18"
              xmlns="http://www.w3.org/2000/svg"
            >
              <path
                d="M12 8V12L15 15"
                stroke="#6c757d"
                stroke-linecap="round"
                stroke-linejoin="round"
                stroke-width="2"
              />
              <circle
                cx="12"
                cy="12"
                r="9"
                stroke="#6c757d"
                stroke-width="2"
              />
            </svg>
          </div>
          <p
            class="countdown-text"
          >
            Redirecting to login page in 5 seconds...
          </p>
        </div>
      </div>
      <div
        class="password-success-modal-actions"
      >
        <button
          class="password-success-modal-btn login-btn"
        >
          Go to Login Page
        </button>
      </div>
    </div>
  </div>
</div>
`;
