// Vitest Snapshot v1, https://vitest.dev/guide/snapshot.html

exports[`ProjectsPage > matches snapshot 1`] = `
<div>
  <div
    class="projects-dashboard-pro"
  >
    <div
      class="loading-state"
    >
      <div
        class="loading-spinner-large"
      />
      <p>
        Loading projects...
      </p>
    </div>
  </div>
</div>
`;
