// Vitest Snapshot v1, https://vitest.dev/guide/snapshot.html

exports[`ReportsCenterPage > matches snapshot 1`] = `
<div>
  <div
    class="reports-center-clean"
  >
    <div
      class="reports-header-clean"
    >
      <div
        class="header-content"
      >
        <h1>
          Reports Center
        </h1>
        <p>
          All your BIM reports in one place • Instant preview available
        </p>
      </div>
      <div
        class="status-badge"
      >
        <svg
          aria-hidden="true"
          class="lucide lucide-file-text"
          fill="none"
          height="20"
          stroke="currentColor"
          stroke-linecap="round"
          stroke-linejoin="round"
          stroke-width="2"
          viewBox="0 0 24 24"
          width="20"
          xmlns="http://www.w3.org/2000/svg"
        >
          <path
            d="M6 22a2 2 0 0 1-2-2V4a2 2 0 0 1 2-2h8a2.4 2.4 0 0 1 1.704.706l3.588 3.588A2.4 2.4 0 0 1 20 8v12a2 2 0 0 1-2 2z"
          />
          <path
            d="M14 2v5a1 1 0 0 0 1 1h5"
          />
          <path
            d="M10 9H8"
          />
          <path
            d="M16 13H8"
          />
          <path
            d="M16 17H8"
          />
        </svg>
        <span>
          5
           Reports Available
        </span>
      </div>
    </div>
    <div
      class="controls"
    >
      <div
        class="search-box"
      >
        <svg
          aria-hidden="true"
          class="lucide lucide-search"
          fill="none"
          height="20"
          stroke="currentColor"
          stroke-linecap="round"
          stroke-linejoin="round"
          stroke-width="2"
          viewBox="0 0 24 24"
          width="20"
          xmlns="http://www.w3.org/2000/svg"
        >
          <path
            d="m21 21-4.34-4.34"
          />
          <circle
            cx="11"
            cy="11"
            r="8"
          />
        </svg>
        <input
          placeholder="Search reports..."
          type="text"
          value=""
        />
      </div>
      <div
        class="filter-box"
      >
        <svg
          aria-hidden="true"
          class="lucide lucide-funnel"
          fill="none"
          height="18"
          stroke="currentColor"
          stroke-linecap="round"
          stroke-linejoin="round"
          stroke-width="2"
          viewBox="0 0 24 24"
          width="18"
          xmlns="http://www.w3.org/2000/svg"
        >
          <path
            d="M10 20a1 1 0 0 0 .553.895l2 1A1 1 0 0 0 14 21v-7a2 2 0 0 1 .517-1.341L21.74 4.67A1 1 0 0 0 21 3H3a1 1 0 0 0-.742 1.67l7.225 7.989A2 2 0 0 1 10 14z"
          />
        </svg>
        <select>
          <option
            value="all"
          >
            All Reports
          </option>
          <option
            value="Compliance"
          >
            Compliance
          </option>
          <option
            value="Cost"
          >
            Cost
          </option>
          <option
            value="Clash"
          >
            Clash Detection
          </option>
          <option
            value="Schedule"
          >
            Schedule
          </option>
          <option
            value="Full"
          >
            Full Report
          </option>
        </select>
      </div>
    </div>
    <div
      class="reports-grid-clean"
    >
      <div
        class="report-card-clean"
      >
        <div
          class="card-header"
        >
          <svg
            aria-hidden="true"
            class="lucide lucide-file-text icon"
            fill="none"
            height="48"
            stroke="currentColor"
            stroke-linecap="round"
            stroke-linejoin="round"
            stroke-width="2"
            viewBox="0 0 24 24"
            width="48"
            xmlns="http://www.w3.org/2000/svg"
          >
            <path
              d="M6 22a2 2 0 0 1-2-2V4a2 2 0 0 1 2-2h8a2.4 2.4 0 0 1 1.704.706l3.588 3.588A2.4 2.4 0 0 1 20 8v12a2 2 0 0 1-2 2z"
            />
            <path
              d="M14 2v5a1 1 0 0 0 1 1h5"
            />
            <path
              d="M10 9H8"
            />
            <path
              d="M16 13H8"
            />
            <path
              d="M16 17H8"
            />
          </svg>
          <span
            class="type-tag"
          >
            Compliance
          </span>
        </div>
        <div
          class="card-body"
        >
          <h3>
            BIM Execution Plan Compliance Report
          </h3>
          <div
            class="meta"
          >
            <span>
              <svg
                aria-hidden="true"
                class="lucide lucide-calendar"
                fill="none"
                height="16"
                stroke="currentColor"
                stroke-linecap="round"
                stroke-linejoin="round"
                stroke-width="2"
                viewBox="0 0 24 24"
                width="16"
                xmlns="http://www.w3.org/2000/svg"
              >
                <path
                  d="M8 2v4"
                />
                <path
                  d="M16 2v4"
                />
                <rect
                  height="18"
                  rx="2"
                  width="18"
                  x="3"
                  y="4"
                />
                <path
                  d="M3 10h18"
                />
              </svg>
               
              Nov 18, 2025
            </span>
            <span>
              <svg
                aria-hidden="true"
                class="lucide lucide-clock"
                fill="none"
                height="16"
                stroke="currentColor"
                stroke-linecap="round"
                stroke-linejoin="round"
                stroke-width="2"
                viewBox="0 0 24 24"
                width="16"
                xmlns="http://www.w3.org/2000/svg"
              >
                <path
                  d="M12 6v6l4 2"
                />
                <circle
                  cx="12"
                  cy="12"
                  r="10"
                />
              </svg>
               
              PDF
               • 
              2.4 MB
            </span>
          </div>
          <div
            class="stats"
          >
            <span>
              <svg
                aria-hidden="true"
                class="lucide lucide-download"
                fill="none"
                height="16"
                stroke="currentColor"
                stroke-linecap="round"
                stroke-linejoin="round"
                stroke-width="2"
                viewBox="0 0 24 24"
                width="16"
                xmlns="http://www.w3.org/2000/svg"
              >
                <path
                  d="M12 15V3"
                />
                <path
                  d="M21 15v4a2 2 0 0 1-2 2H5a2 2 0 0 1-2-2v-4"
                />
                <path
                  d="m7 10 5 5 5-5"
                />
              </svg>
               
              42
               downloads
            </span>
            <span>
              • Last viewed 
              2 hours ago
            </span>
          </div>
        </div>
        <div
          class="card-footer"
        >
          <button
            class="preview-btn"
          >
            <svg
              aria-hidden="true"
              class="lucide lucide-eye"
              fill="none"
              height="18"
              stroke="currentColor"
              stroke-linecap="round"
              stroke-linejoin="round"
              stroke-width="2"
              viewBox="0 0 24 24"
              width="18"
              xmlns="http://www.w3.org/2000/svg"
            >
              <path
                d="M2.062 12.348a1 1 0 0 1 0-.696 10.75 10.75 0 0 1 19.876 0 1 1 0 0 1 0 .696 10.75 10.75 0 0 1-19.876 0"
              />
              <circle
                cx="12"
                cy="12"
                r="3"
              />
            </svg>
             Preview Report
          </button>
        </div>
      </div>
      <div
        class="report-card-clean"
      >
        <div
          class="card-header"
        >
          <svg
            aria-hidden="true"
            class="lucide lucide-file-text icon"
            fill="none"
            height="48"
            stroke="currentColor"
            stroke-linecap="round"
            stroke-linejoin="round"
            stroke-width="2"
            viewBox="0 0 24 24"
            width="48"
            xmlns="http://www.w3.org/2000/svg"
          >
            <path
              d="M6 22a2 2 0 0 1-2-2V4a2 2 0 0 1 2-2h8a2.4 2.4 0 0 1 1.704.706l3.588 3.588A2.4 2.4 0 0 1 20 8v12a2 2 0 0 1-2 2z"
            />
            <path
              d="M14 2v5a1 1 0 0 0 1 1h5"
            />
            <path
              d="M10 9H8"
            />
            <path
              d="M16 13H8"
            />
            <path
              d="M16 17H8"
            />
          </svg>
          <span
            class="type-tag"
          >
            Cost
          </span>
        </div>
        <div
          class="card-body"
        >
          <h3>
            5D Cost Estimation Summary
          </h3>
          <div
            class="meta"
          >
            <span>
              <svg
                aria-hidden="true"
                class="lucide lucide-calendar"
                fill="none"
                height="16"
                stroke="currentColor"
                stroke-linecap="round"
                stroke-linejoin="round"
                stroke-width="2"
                viewBox="0 0 24 24"
                width="16"
                xmlns="http://www.w3.org/2000/svg"
              >
                <path
                  d="M8 2v4"
                />
                <path
                  d="M16 2v4"
                />
                <rect
                  height="18"
                  rx="2"
                  width="18"
                  x="3"
                  y="4"
                />
                <path
                  d="M3 10h18"
                />
              </svg>
               
              Nov 17, 2025
            </span>
            <span>
              <svg
                aria-hidden="true"
                class="lucide lucide-clock"
                fill="none"
                height="16"
                stroke="currentColor"
                stroke-linecap="round"
                stroke-linejoin="round"
                stroke-width="2"
                viewBox="0 0 24 24"
                width="16"
                xmlns="http://www.w3.org/2000/svg"
              >
                <path
                  d="M12 6v6l4 2"
                />
                <circle
                  cx="12"
                  cy="12"
                  r="10"
                />
              </svg>
               
              PDF + Excel
               • 
              1.8 MB
            </span>
          </div>
          <div
            class="stats"
          >
            <span>
              <svg
                aria-hidden="true"
                class="lucide lucide-download"
                fill="none"
                height="16"
                stroke="currentColor"
                stroke-linecap="round"
                stroke-linejoin="round"
                stroke-width="2"
                viewBox="0 0 24 24"
                width="16"
                xmlns="http://www.w3.org/2000/svg"
              >
                <path
                  d="M12 15V3"
                />
                <path
                  d="M21 15v4a2 2 0 0 1-2 2H5a2 2 0 0 1-2-2v-4"
                />
                <path
                  d="m7 10 5 5 5-5"
                />
              </svg>
               
              89
               downloads
            </span>
          </div>
        </div>
        <div
          class="card-footer"
        >
          <button
            class="preview-btn"
          >
            <svg
              aria-hidden="true"
              class="lucide lucide-eye"
              fill="none"
              height="18"
              stroke="currentColor"
              stroke-linecap="round"
              stroke-linejoin="round"
              stroke-width="2"
              viewBox="0 0 24 24"
              width="18"
              xmlns="http://www.w3.org/2000/svg"
            >
              <path
                d="M2.062 12.348a1 1 0 0 1 0-.696 10.75 10.75 0 0 1 19.876 0 1 1 0 0 1 0 .696 10.75 10.75 0 0 1-19.876 0"
              />
              <circle
                cx="12"
                cy="12"
                r="3"
              />
            </svg>
             Preview Report
          </button>
        </div>
      </div>
      <div
        class="report-card-clean"
      >
        <div
          class="card-header"
        >
          <svg
            aria-hidden="true"
            class="lucide lucide-file-text icon"
            fill="none"
            height="48"
            stroke="currentColor"
            stroke-linecap="round"
            stroke-linejoin="round"
            stroke-width="2"
            viewBox="0 0 24 24"
            width="48"
            xmlns="http://www.w3.org/2000/svg"
          >
            <path
              d="M6 22a2 2 0 0 1-2-2V4a2 2 0 0 1 2-2h8a2.4 2.4 0 0 1 1.704.706l3.588 3.588A2.4 2.4 0 0 1 20 8v12a2 2 0 0 1-2 2z"
            />
            <path
              d="M14 2v5a1 1 0 0 0 1 1h5"
            />
            <path
              d="M10 9H8"
            />
            <path
              d="M16 13H8"
            />
            <path
              d="M16 17H8"
            />
          </svg>
          <span
            class="type-tag"
          >
            Clash
          </span>
        </div>
        <div
          class="card-body"
        >
          <h3>
            Clash Detection BCF Report
          </h3>
          <div
            class="meta"
          >
            <span>
              <svg
                aria-hidden="true"
                class="lucide lucide-calendar"
                fill="none"
                height="16"
                stroke="currentColor"
                stroke-linecap="round"
                stroke-linejoin="round"
                stroke-width="2"
                viewBox="0 0 24 24"
                width="16"
                xmlns="http://www.w3.org/2000/svg"
              >
                <path
                  d="M8 2v4"
                />
                <path
                  d="M16 2v4"
                />
                <rect
                  height="18"
                  rx="2"
                  width="18"
                  x="3"
                  y="4"
                />
                <path
                  d="M3 10h18"
                />
              </svg>
               
              Nov 16, 2025
            </span>
            <span>
              <svg
                aria-hidden="true"
                class="lucide lucide-clock"
                fill="none"
                height="16"
                stroke="currentColor"
                stroke-linecap="round"
                stroke-linejoin="round"
                stroke-width="2"
                viewBox="0 0 24 24"
                width="16"
                xmlns="http://www.w3.org/2000/svg"
              >
                <path
                  d="M12 6v6l4 2"
                />
                <circle
                  cx="12"
                  cy="12"
                  r="10"
                />
              </svg>
               
              BCF
               • 
              856 KB
            </span>
          </div>
          <div
            class="stats"
          >
            <span>
              <svg
                aria-hidden="true"
                class="lucide lucide-download"
                fill="none"
                height="16"
                stroke="currentColor"
                stroke-linecap="round"
                stroke-linejoin="round"
                stroke-width="2"
                viewBox="0 0 24 24"
                width="16"
                xmlns="http://www.w3.org/2000/svg"
              >
                <path
                  d="M12 15V3"
                />
                <path
                  d="M21 15v4a2 2 0 0 1-2 2H5a2 2 0 0 1-2-2v-4"
                />
                <path
                  d="m7 10 5 5 5-5"
                />
              </svg>
               
              27
               downloads
            </span>
          </div>
        </div>
        <div
          class="card-footer"
        >
          <button
            class="preview-btn"
          >
            <svg
              aria-hidden="true"
              class="lucide lucide-eye"
              fill="none"
              height="18"
              stroke="currentColor"
              stroke-linecap="round"
              stroke-linejoin="round"
              stroke-width="2"
              viewBox="0 0 24 24"
              width="18"
              xmlns="http://www.w3.org/2000/svg"
            >
              <path
                d="M2.062 12.348a1 1 0 0 1 0-.696 10.75 10.75 0 0 1 19.876 0 1 1 0 0 1 0 .696 10.75 10.75 0 0 1-19.876 0"
              />
              <circle
                cx="12"
                cy="12"
                r="3"
              />
            </svg>
             Preview Report
          </button>
        </div>
      </div>
      <div
        class="report-card-clean"
      >
        <div
          class="card-header"
        >
          <svg
            aria-hidden="true"
            class="lucide lucide-file-text icon"
            fill="none"
            height="48"
            stroke="currentColor"
            stroke-linecap="round"
            stroke-linejoin="round"
            stroke-width="2"
            viewBox="0 0 24 24"
            width="48"
            xmlns="http://www.w3.org/2000/svg"
          >
            <path
              d="M6 22a2 2 0 0 1-2-2V4a2 2 0 0 1 2-2h8a2.4 2.4 0 0 1 1.704.706l3.588 3.588A2.4 2.4 0 0 1 20 8v12a2 2 0 0 1-2 2z"
            />
            <path
              d="M14 2v5a1 1 0 0 0 1 1h5"
            />
            <path
              d="M10 9H8"
            />
            <path
              d="M16 13H8"
            />
            <path
              d="M16 17H8"
            />
          </svg>
          <span
            class="type-tag"
          >
            Schedule
          </span>
        </div>
        <div
          class="card-body"
        >
          <h3>
            4D Gantt Schedule Export
          </h3>
          <div
            class="meta"
          >
            <span>
              <svg
                aria-hidden="true"
                class="lucide lucide-calendar"
                fill="none"
                height="16"
                stroke="currentColor"
                stroke-linecap="round"
                stroke-linejoin="round"
                stroke-width="2"
                viewBox="0 0 24 24"
                width="16"
                xmlns="http://www.w3.org/2000/svg"
              >
                <path
                  d="M8 2v4"
                />
                <path
                  d="M16 2v4"
                />
                <rect
                  height="18"
                  rx="2"
                  width="18"
                  x="3"
                  y="4"
                />
                <path
                  d="M3 10h18"
                />
              </svg>
               
              Nov 15, 2025
            </span>
            <span>
              <svg
                aria-hidden="true"
                class="lucide lucide-clock"
                fill="none"
                height="16"
                stroke="currentColor"
                stroke-linecap="round"
                stroke-linejoin="round"
                stroke-width="2"
                viewBox="0 0 24 24"
                width="16"
                xmlns="http://www.w3.org/2000/svg"
              >
                <path
                  d="M12 6v6l4 2"
                />
                <circle
                  cx="12"
                  cy="12"
                  r="10"
                />
              </svg>
               
              PDF
               • 
              1.2 MB
            </span>
          </div>
          <div
            class="stats"
          >
            <span>
              <svg
                aria-hidden="true"
                class="lucide lucide-download"
                fill="none"
                height="16"
                stroke="currentColor"
                stroke-linecap="round"
                stroke-linejoin="round"
                stroke-width="2"
                viewBox="0 0 24 24"
                width="16"
                xmlns="http://www.w3.org/2000/svg"
              >
                <path
                  d="M12 15V3"
                />
                <path
                  d="M21 15v4a2 2 0 0 1-2 2H5a2 2 0 0 1-2-2v-4"
                />
                <path
                  d="m7 10 5 5 5-5"
                />
              </svg>
               
              156
               downloads
            </span>
          </div>
        </div>
        <div
          class="card-footer"
        >
          <button
            class="preview-btn"
          >
            <svg
              aria-hidden="true"
              class="lucide lucide-eye"
              fill="none"
              height="18"
              stroke="currentColor"
              stroke-linecap="round"
              stroke-linejoin="round"
              stroke-width="2"
              viewBox="0 0 24 24"
              width="18"
              xmlns="http://www.w3.org/2000/svg"
            >
              <path
                d="M2.062 12.348a1 1 0 0 1 0-.696 10.75 10.75 0 0 1 19.876 0 1 1 0 0 1 0 .696 10.75 10.75 0 0 1-19.876 0"
              />
              <circle
                cx="12"
                cy="12"
                r="3"
              />
            </svg>
             Preview Report
          </button>
        </div>
      </div>
      <div
        class="report-card-clean"
      >
        <div
          class="card-header"
        >
          <svg
            aria-hidden="true"
            class="lucide lucide-file-text icon"
            fill="none"
            height="48"
            stroke="currentColor"
            stroke-linecap="round"
            stroke-linejoin="round"
            stroke-width="2"
            viewBox="0 0 24 24"
            width="48"
            xmlns="http://www.w3.org/2000/svg"
          >
            <path
              d="M6 22a2 2 0 0 1-2-2V4a2 2 0 0 1 2-2h8a2.4 2.4 0 0 1 1.704.706l3.588 3.588A2.4 2.4 0 0 1 20 8v12a2 2 0 0 1-2 2z"
            />
            <path
              d="M14 2v5a1 1 0 0 0 1 1h5"
            />
            <path
              d="M10 9H8"
            />
            <path
              d="M16 13H8"
            />
            <path
              d="M16 17H8"
            />
          </svg>
          <span
            class="type-tag"
          >
            Full
          </span>
        </div>
        <div
          class="card-body"
        >
          <h3>
            Complete Project Status Report
          </h3>
          <div
            class="meta"
          >
            <span>
              <svg
                aria-hidden="true"
                class="lucide lucide-calendar"
                fill="none"
                height="16"
                stroke="currentColor"
                stroke-linecap="round"
                stroke-linejoin="round"
                stroke-width="2"
                viewBox="0 0 24 24"
                width="16"
                xmlns="http://www.w3.org/2000/svg"
              >
                <path
                  d="M8 2v4"
                />
                <path
                  d="M16 2v4"
                />
                <rect
                  height="18"
                  rx="2"
                  width="18"
                  x="3"
                  y="4"
                />
                <path
                  d="M3 10h18"
                />
              </svg>
               
              Nov 14, 2025
            </span>
            <span>
              <svg
                aria-hidden="true"
                class="lucide lucide-clock"
                fill="none"
                height="16"
                stroke="currentColor"
                stroke-linecap="round"
                stroke-linejoin="round"
                stroke-width="2"
                viewBox="0 0 24 24"
                width="16"
                xmlns="http://www.w3.org/2000/svg"
              >
                <path
                  d="M12 6v6l4 2"
                />
                <circle
                  cx="12"
                  cy="12"
                  r="10"
                />
              </svg>
               
              PDF
               • 
              8.9 MB
            </span>
          </div>
          <div
            class="stats"
          >
            <span>
              <svg
                aria-hidden="true"
                class="lucide lucide-download"
                fill="none"
                height="16"
                stroke="currentColor"
                stroke-linecap="round"
                stroke-linejoin="round"
                stroke-width="2"
                viewBox="0 0 24 24"
                width="16"
                xmlns="http://www.w3.org/2000/svg"
              >
                <path
                  d="M12 15V3"
                />
                <path
                  d="M21 15v4a2 2 0 0 1-2 2H5a2 2 0 0 1-2-2v-4"
                />
                <path
                  d="m7 10 5 5 5-5"
                />
              </svg>
               
              203
               downloads
            </span>
            <span>
              • Last viewed 
              Yesterday
            </span>
          </div>
        </div>
        <div
          class="card-footer"
        >
          <button
            class="preview-btn"
          >
            <svg
              aria-hidden="true"
              class="lucide lucide-eye"
              fill="none"
              height="18"
              stroke="currentColor"
              stroke-linecap="round"
              stroke-linejoin="round"
              stroke-width="2"
              viewBox="0 0 24 24"
              width="18"
              xmlns="http://www.w3.org/2000/svg"
            >
              <path
                d="M2.062 12.348a1 1 0 0 1 0-.696 10.75 10.75 0 0 1 19.876 0 1 1 0 0 1 0 .696 10.75 10.75 0 0 1-19.876 0"
              />
              <circle
                cx="12"
                cy="12"
                r="3"
              />
            </svg>
             Preview Report
          </button>
        </div>
      </div>
    </div>
  </div>
</div>
`;
